I'm sorry, but errors were detected in your script. Please correct the
errors listed below, and try again.


The label reponsemoutontete is defined twice, at
  File "game/script.rpy", line 118 and
  File "game/script2.rpy", line 1.

The label suitemouton is defined twice, at
  File "game/script.rpy", line 122 and
  File "game/script2.rpy", line 5.

Ren'Py Version: Ren'Py 7.0.0.196
Sat Sep  1 12:44:08 2018
